../Core/Src/main.c:70:6:LCD_ClearScreen	656	static
../Core/Src/main.c:104:6:LCD_BlackScreen	656	static
../Core/Src/main.c:137:6:LCD_WriteCommand	16	static
../Core/Src/main.c:149:6:LCD_WriteData	16	static
../Core/Src/main.c:158:6:LCD_WriteByte	16	static
../Core/Src/main.c:162:6:LCD_DrawDot	80	dynamic
../Core/Src/main.c:211:6:LCD_DrawingPointer	80	dynamic
../Core/Src/main.c:265:6:LCD_DrawCircle	32	static
../Core/Src/main.c:276:6:LCD_DrawingPointerCircle	80	dynamic
../Core/Src/main.c:338:6:LCD_IRPointerCircle	88	dynamic
../Core/Src/main.c:403:6:LCD_DrawPixel	32	static
../Core/Src/main.c:416:6:LCD_DrawPen	80	dynamic
../Core/Src/main.c:446:10:Touch_Read	32	static
../Core/Src/main.c:458:6:LCD_DrawBorder	32	static
../Core/Src/main.c:482:6:HAL_GPIO_EXTI_Callback	64	static
../Core/Src/main.c:575:5:main	8	static
../Core/Src/main.c:821:6:SystemClock_Config	96	static
../Core/Src/main.c:866:13:MX_LPUART1_UART_Init	8	static
../Core/Src/main.c:914:13:MX_SPI1_Init	8	static
../Core/Src/main.c:954:13:MX_SPI2_Init	8	static
../Core/Src/main.c:994:13:MX_GPIO_Init	48	static
../Core/Src/main.c:1059:1:__io_putchar	16	static
../Core/Src/main.c:1071:6:Error_Handler	4	static,ignoring_inline_asm
