../Core/Src/main.c:65:6:LCD_ClearScreen	656	static
../Core/Src/main.c:99:6:LCD_BlackScreen	656	static
../Core/Src/main.c:132:6:LCD_WriteCommand	16	static
../Core/Src/main.c:144:6:LCD_WriteData	16	static
../Core/Src/main.c:153:6:LCD_WriteByte	16	static
../Core/Src/main.c:157:6:LCD_DrawDot	80	dynamic
../Core/Src/main.c:206:6:LCD_DrawingPointer	80	dynamic
../Core/Src/main.c:260:6:LCD_DrawCircle	32	static
../Core/Src/main.c:271:6:LCD_DrawingPointerCircle	80	dynamic
../Core/Src/main.c:333:6:LCD_IRPointerCircle	88	dynamic
../Core/Src/main.c:398:6:LCD_DrawPixel	32	static
../Core/Src/main.c:417:5:main	168	static
../Core/Src/main.c:656:6:SystemClock_Config	96	static
../Core/Src/main.c:701:13:MX_SPI1_Init	8	static
../Core/Src/main.c:741:13:MX_GPIO_Init	40	static
../Core/Src/main.c:785:6:Error_Handler	4	static,ignoring_inline_asm
