../Core/Src/lcd_touch.c:12:6:LCD_WriteCommand	16	static
../Core/Src/lcd_touch.c:19:6:LCD_WriteData	16	static
../Core/Src/lcd_touch.c:26:6:LCD_WriteByte	16	static
../Core/Src/lcd_touch.c:30:6:LCD_Init	8	static
../Core/Src/lcd_touch.c:47:6:LCD_ClearScreen	656	static
../Core/Src/lcd_touch.c:74:6:LCD_BlackScreen	656	static
../Core/Src/lcd_touch.c:99:6:LCD_ClearDrawing	640	static
../Core/Src/lcd_touch.c:140:6:LCD_DrawPen	80	dynamic
../Core/Src/lcd_touch.c:172:6:LCD_DrawingPointerCircle	80	dynamic
../Core/Src/lcd_touch.c:226:6:LCD_DrawingInit	168	static
../Core/Src/lcd_touch.c:307:10:Touch_Read	40	static,ignoring_inline_asm
../Core/Src/lcd_touch.c:322:6:LCD_IRPointerCircle	88	dynamic
../Core/Src/lcd_touch.c:380:6:Touch_EXTI_Callback	48	static
